---
source: tests/approval/mysql.rs
expression: info
---
{
  "protocolVersion": "2025-06-18",
  "capabilities": {
    "tools": {}
  },
  "serverInfo": {
    "name": "database-mcp",
    "title": "Database MCP Server",
    "version": "[version]",
    "description": "Database MCP Server for MySQL, MariaDB, PostgreSQL, and SQLite",
    "websiteUrl": "https://database.haymon.ai"
  }
}
